// Jest Snapshot v1, https://goo.gl/fbAQLP

exports[`it renders without blowing up 1`] = `
<EuiPanel
  grow={true}
  hasShadow={false}
  paddingSize="m"
>
  <EuiFlexGroup
    alignItems="baseline"
    component="div"
    direction="row"
    gutterSize="s"
    justifyContent="flexStart"
    responsive={false}
    wrap={false}
  >
    <EuiFlexItem
      component="div"
      grow={false}
    >
      <EuiTitle
        size="m"
        textTransform="none"
      >
        <h2>
          <EuiIcon
            className="collapsiblePanel__logo"
            size="xl"
            type="logoElasticsearch"
          />
           
          Elasticsearch
        </h2>
      </EuiTitle>
    </EuiFlexItem>
    <EuiFlexItem
      component="div"
      grow={false}
    >
      <EuiLink
        color="primary"
        onClick={[Function]}
        type="button"
      >
<<<<<<< HEAD
        hide
=======
        <FormattedMessage
          defaultMessage="hide"
          id="xpack.security.management.editRole.collapsiblePanel.hideLinkText"
          values={Object {}}
        />
>>>>>>> ff49a1c6742d67fa5daed569ff3bb269783f6bd1
      </EuiLink>
    </EuiFlexItem>
  </EuiFlexGroup>
  <React.Fragment>
    <EuiSpacer
      size="l"
    />
    <p>
      child
    </p>
  </React.Fragment>
</EuiPanel>
`;
