// Jest Snapshot v1, https://goo.gl/fbAQLP

exports[`ManageSpacesButton doesn't render if user profile forbids managing spaces 1`] = `""`;

exports[`ManageSpacesButton renders as expected 1`] = `
<EuiButton
  color="primary"
  fill={false}
  iconSide="left"
  onClick={[Function]}
  size="s"
  type="button"
>
<<<<<<< HEAD
  Manage spaces
=======
  <FormattedMessage
    defaultMessage="Manage spaces"
    id="xpack.spaces.manageSpacesButton.manageSpacesButtonLabel"
    values={Object {}}
  />
>>>>>>> ff49a1c6742d67fa5daed569ff3bb269783f6bd1
</EuiButton>
`;
