// Jest Snapshot v1, https://goo.gl/fbAQLP

exports[`AdvancedSettingsSubtitle renders as expected 1`] = `
<React.Fragment>
  <EuiSpacer
    size="m"
  />
  <EuiCallOut
    color="primary"
    iconType="spacesApp"
    size="m"
    title={
      <p>
<<<<<<< HEAD
        The settings on this page apply to the 
        <strong>
          My Space
        </strong>
         space, unless otherwise specified.
=======
        <FormattedMessage
          defaultMessage="The settings on this page apply to the {spaceName} space, unless otherwise specified."
          id="xpack.spaces.management.advancedSettingsSubtitle.applyingSettingsOnPageToSpaceDescription"
          values={
            Object {
              "spaceName": <strong>
                My Space
              </strong>,
            }
          }
        />
>>>>>>> ff49a1c6742d67fa5daed569ff3bb269783f6bd1
      </p>
    }
  />
</React.Fragment>
`;
