// Jest Snapshot v1, https://goo.gl/fbAQLP

<<<<<<< HEAD
exports[`validateIndexPrivileges it throws when indices is not an array 1`] = `"Expected role.elasticsearch.indices to be an array"`;
=======
exports[`validateIndexPrivileges it throws when indices is not an array 1`] = `"Expected \\"role.elasticsearch.indices\\" to be an array"`;
>>>>>>> ff49a1c6742d67fa5daed569ff3bb269783f6bd1
