// Jest Snapshot v1, https://goo.gl/fbAQLP

exports[`renders without crashing 1`] = `
<EuiFlexItem
  component="div"
  grow={false}
>
  <EuiFormRow
    describedByIds={Array []}
    fullWidth={false}
    hasEmptyLabelSpace={true}
  >
    <EuiLink
      color="primary"
      name="customize_space_link"
      onClick={[Function]}
      type="button"
    >
<<<<<<< HEAD
      Customize
=======
      <FormattedMessage
        defaultMessage="Customize"
        id="xpack.spaces.management.customizeSpaceAvatar.customizeLinkText"
        values={Object {}}
      />
>>>>>>> ff49a1c6742d67fa5daed569ff3bb269783f6bd1
    </EuiLink>
  </EuiFormRow>
</EuiFlexItem>
`;
