// Jest Snapshot v1, https://goo.gl/fbAQLP

exports[`renders without crashing 1`] = `
<React.Fragment>
  <EuiFormRow
    describedByIds={Array []}
    fullWidth={true}
    hasEmptyLabelSpace={false}
    helpText={
      <p>
<<<<<<< HEAD
        If the identifier is 
        <strong>
          engineering
        </strong>
        , the Kibana URL is 
        <br />
         https://my-kibana.example
        <strong>
          /s/engineering/
        </strong>
        app/kibana.
=======
        <FormattedMessage
          defaultMessage="If the identifier is {engineeringIdentifier}, the Kibana URL is{nextLine}
          {engineeringKibanaUrl}."
          id="xpack.spaces.management.spaceIdentifier.kibanaURLForEngineeringIdentifierDescription"
          values={
            Object {
              "engineeringIdentifier": <strong>
                <FormattedMessage
                  defaultMessage="engineering"
                  id="xpack.spaces.management.spaceIdentifier.engineeringText"
                  values={Object {}}
                />
              </strong>,
              "engineeringKibanaUrl": <React.Fragment>
                https://my-kibana.example
                <strong>
                  /s/engineering/
                </strong>
                app/kibana
              </React.Fragment>,
              "nextLine": <br />,
            }
          }
        />
>>>>>>> ff49a1c6742d67fa5daed569ff3bb269783f6bd1
      </p>
    }
    isInvalid={false}
    label={
      <p>
<<<<<<< HEAD
        URL identifier 
=======
        <FormattedMessage
          defaultMessage="URL identifier"
          id="xpack.spaces.management.spaceIdentifier.urlIdentifierLabel"
          values={Object {}}
        />
>>>>>>> ff49a1c6742d67fa5daed569ff3bb269783f6bd1
        <EuiLink
          color="primary"
          onClick={[Function]}
          type="button"
        >
<<<<<<< HEAD
          [edit]
=======
          <FormattedMessage
            defaultMessage="[edit]"
            id="xpack.spaces.management.spaceIdentifier.editSpaceLinkText"
            values={Object {}}
          />
>>>>>>> ff49a1c6742d67fa5daed569ff3bb269783f6bd1
        </EuiLink>
      </p>
    }
  >
    <EuiFieldText
      compressed={false}
      fullWidth={true}
      inputRef={[Function]}
      isLoading={false}
      onChange={[Function]}
      placeholder="The URL identifier is generated from the space name."
      readOnly={true}
      value=""
    />
  </EuiFormRow>
</React.Fragment>
`;
