// Jest Snapshot v1, https://goo.gl/fbAQLP

exports[`it renders without crashing 1`] = `
<EuiPage
  className="spcSpaceSelector"
  data-test-subj="kibanaSpaceSelector"
  restrictWidth={false}
>
  <EuiPageBody
    restrictWidth={false}
  >
    <EuiPageHeader
      className="spcSpaceSelector__heading"
      responsive={true}
    >
      <EuiSpacer
        size="xxl"
      />
      <span
        className="spcSpaceSelector__logo"
      >
        <EuiIcon
          size="xxl"
          type="logoKibana"
        />
      </span>
      <EuiTitle
        size="l"
        textTransform="none"
      >
        <h1>
<<<<<<< HEAD
          Select your space
=======
          <FormattedMessage
            defaultMessage="Select your space"
            id="xpack.spaces.spaceSelector.selectSpacesTitle"
            values={Object {}}
          />
>>>>>>> ff49a1c6742d67fa5daed569ff3bb269783f6bd1
        </h1>
      </EuiTitle>
      <EuiText
        color="subdued"
        grow={true}
        size="s"
      >
        <p>
<<<<<<< HEAD
          You can change your space at anytime
=======
          <FormattedMessage
            defaultMessage="You can change your space at anytime"
            id="xpack.spaces.spaceSelector.changeSpaceAnytimeAvailabilityText"
            values={Object {}}
          />
>>>>>>> ff49a1c6742d67fa5daed569ff3bb269783f6bd1
        </p>
      </EuiText>
    </EuiPageHeader>
    <EuiPageContent
      className="spcSpaceSelector__pageContent"
      panelPaddingSize="l"
    >
      <EuiFlexGroup
        alignItems="center"
        component="div"
        direction="column"
        gutterSize="l"
        justifyContent="flexStart"
        responsive={false}
        wrap={false}
      />
      <EuiSpacer
        size="xl"
      />
      <SpaceCards
        onSpaceSelect={[Function]}
        spaces={Array []}
      />
      <React.Fragment>
        <EuiSpacer
          size="l"
        />
        <EuiText
          color="subdued"
          grow={true}
          size="m"
          textAlign="center"
        >
<<<<<<< HEAD
          No spaces match search criteria
=======
          <FormattedMessage
            defaultMessage="No spaces match search criteria"
            id="xpack.spaces.spaceSelector.noSpacesMatchSearchCriteriaDescription"
            values={Object {}}
          />
>>>>>>> ff49a1c6742d67fa5daed569ff3bb269783f6bd1
        </EuiText>
      </React.Fragment>
    </EuiPageContent>
  </EuiPageBody>
</EuiPage>
`;
