// Jest Snapshot v1, https://goo.gl/fbAQLP

exports[`ConfirmDeleteModal renders as expected 1`] = `
<EuiOverlayMask>
  <EuiModal
    className="spcConfirmDeleteModal"
    maxWidth={true}
    onClose={[MockFunction]}
  >
    <EuiModalHeader>
      <EuiModalHeaderTitle
        data-test-subj="confirmModalTitleText"
      >
<<<<<<< HEAD
        Delete space 
        'My Space'
=======
        <FormattedMessage
          defaultMessage="Delete space {spaceName}"
          id="xpack.spaces.management.confirmDeleteModal.confirmDeleteSpaceButtonLabel"
          values={
            Object {
              "spaceName": "'My Space'",
            }
          }
        />
>>>>>>> ff49a1c6742d67fa5daed569ff3bb269783f6bd1
      </EuiModalHeaderTitle>
    </EuiModalHeader>
    <EuiModalBody>
      <EuiText
        data-test-subj="confirmModalBodyText"
        grow={true}
        size="m"
      >
        <p>
<<<<<<< HEAD
          Deleting a space permanently removes the space and
           
          <strong>
            all of its contents
          </strong>
          . You can't undo this action.
=======
          <FormattedMessage
            defaultMessage="Deleting a space permanently removes the space and {allContents}. You can't undo this action."
            id="xpack.spaces.management.confirmDeleteModal.deletingSpaceWarningMessage"
            values={
              Object {
                "allContents": <strong>
                  <FormattedMessage
                    defaultMessage="all of its contents"
                    id="xpack.spaces.management.confirmDeleteModal.allContentsText"
                    values={Object {}}
                  />
                </strong>,
              }
            }
          />
>>>>>>> ff49a1c6742d67fa5daed569ff3bb269783f6bd1
        </p>
        <EuiFormRow
          describedByIds={Array []}
          error="Space names do not match."
          fullWidth={false}
          hasEmptyLabelSpace={false}
          isInvalid={false}
          label="Confirm space name"
        >
          <EuiFieldText
            compressed={false}
            disabled={false}
            fullWidth={false}
            isLoading={false}
            onChange={[Function]}
            value=""
          />
        </EuiFormRow>
        <EuiCallOut
          color="warning"
          size="m"
        >
          <EuiText
            grow={true}
            size="m"
          >
<<<<<<< HEAD
            You are about to delete your current space 
            <span>
              (
              <strong>
                My Space
              </strong>
              )
            </span>
            . You will be redirected to choose a different space if you continue.
=======
            <FormattedMessage
              defaultMessage="You are about to delete your current space {name}. You will be redirected to choose a different space if you continue."
              id="xpack.spaces.management.confirmDeleteModal.redirectAfterDeletingCurrentSpaceWarningMessage"
              values={
                Object {
                  "name": <span>
                    (
                    <strong>
                      My Space
                    </strong>
                    )
                  </span>,
                }
              }
            />
>>>>>>> ff49a1c6742d67fa5daed569ff3bb269783f6bd1
          </EuiText>
        </EuiCallOut>
      </EuiText>
    </EuiModalBody>
    <EuiModalFooter>
      <EuiButtonEmpty
        color="primary"
        data-test-subj="confirmModalCancelButton"
        iconSide="left"
        isDisabled={false}
        onClick={[MockFunction]}
        type="button"
      >
<<<<<<< HEAD
        Cancel
=======
        <FormattedMessage
          defaultMessage="Cancel"
          id="xpack.spaces.management.confirmDeleteModal.cancelButtonLabel"
          values={Object {}}
        />
>>>>>>> ff49a1c6742d67fa5daed569ff3bb269783f6bd1
      </EuiButtonEmpty>
      <EuiButton
        color="danger"
        data-test-subj="confirmModalConfirmButton"
        fill={true}
        iconSide="left"
        isLoading={false}
        onClick={[Function]}
        type="button"
      >
<<<<<<< HEAD
        Delete space and all contents
=======
        <FormattedMessage
          defaultMessage=" Delete space and all contents"
          id="xpack.spaces.management.confirmDeleteModal.deleteSpaceAndAllContentsButtonLabel"
          values={Object {}}
        />
>>>>>>> ff49a1c6742d67fa5daed569ff3bb269783f6bd1
      </EuiButton>
    </EuiModalFooter>
  </EuiModal>
</EuiOverlayMask>
`;
