// Jest Snapshot v1, https://goo.gl/fbAQLP

exports[`UnauthorizedPrompt renders as expected 1`] = `
<EuiEmptyPrompt
  body={
    <p
      data-test-subj="permissionDeniedMessage"
    >
<<<<<<< HEAD
      You do not have permission to manage spaces.
=======
      <FormattedMessage
        defaultMessage="You do not have permission to manage spaces."
        id="xpack.spaces.management.unauthorizedPrompt.permissionDeniedDescription"
        values={Object {}}
      />
>>>>>>> ff49a1c6742d67fa5daed569ff3bb269783f6bd1
    </p>
  }
  iconColor="danger"
  iconType="spacesApp"
  title={
    <h2>
<<<<<<< HEAD
      Permission denied
=======
      <FormattedMessage
        defaultMessage="Permission denied"
        id="xpack.spaces.management.unauthorizedPrompt.permissionDeniedTitle"
        values={Object {}}
      />
>>>>>>> ff49a1c6742d67fa5daed569ff3bb269783f6bd1
    </h2>
  }
/>
`;
